Archive member included to satisfy reference by file (symbol)

/opt/ti/ccs910/ccs/tools/compiler/msp430-gcc-8.2.0.52_linux64/bin/../lib/gcc/msp430-elf/8.2.0/430/libgcc.a(epilogue.o)
                              ./serial_flash.o (__mspabi_func_epilog_7)
/opt/ti/ccs910/ccs/tools/compiler/msp430-gcc-8.2.0.52_linux64/bin/../lib/gcc/msp430-elf/8.2.0/430/libgcc.a(slli.o)
                              ./spi.o (__mspabi_slli)
/opt/ti/ccs910/ccs/tools/compiler/msp430-gcc-8.2.0.52_linux64/bin/../lib/gcc/msp430-elf/8.2.0/430/libgcc.a(srai.o)
                              ./spi.o (__mspabi_srai_6)
/opt/ti/ccs910/ccs/tools/compiler/msp430-gcc-8.2.0.52_linux64/bin/../lib/gcc/msp430-elf/8.2.0/430/libgcc.a(srli.o)
                              ./serial_flash.o (__mspabi_srli_8)
/opt/ti/ccs910/ccs/tools/compiler/msp430-gcc-8.2.0.52_linux64/bin/../lib/gcc/msp430-elf/8.2.0/../../../../msp430-elf/lib/430/libcrt.a(crt_main.o)
                              /opt/ti/ccs910/ccs/tools/compiler/msp430-gcc-8.2.0.52_linux64/bin/../lib/gcc/msp430-elf/8.2.0/../../../../msp430-elf/lib/430/crt0.o (__crt0_call_init_then_main)

Discarded input sections

 .data          0x0000000000000000        0x0 /opt/ti/ccs910/ccs/tools/compiler/msp430-gcc-8.2.0.52_linux64/bin/../lib/gcc/msp430-elf/8.2.0/../../../../msp430-elf/lib/430/crt0.o
 .bss           0x0000000000000000        0x0 /opt/ti/ccs910/ccs/tools/compiler/msp430-gcc-8.2.0.52_linux64/bin/../lib/gcc/msp430-elf/8.2.0/../../../../msp430-elf/lib/430/crt0.o
 .text          0x0000000000000000        0x0 /opt/ti/ccs910/ccs/tools/compiler/msp430-gcc-8.2.0.52_linux64/bin/../lib/gcc/msp430-elf/8.2.0/430/crtbegin_no_eh.o
 .data          0x0000000000000000        0x0 /opt/ti/ccs910/ccs/tools/compiler/msp430-gcc-8.2.0.52_linux64/bin/../lib/gcc/msp430-elf/8.2.0/430/crtbegin_no_eh.o
 .bss           0x0000000000000000        0x0 /opt/ti/ccs910/ccs/tools/compiler/msp430-gcc-8.2.0.52_linux64/bin/../lib/gcc/msp430-elf/8.2.0/430/crtbegin_no_eh.o
 .data          0x0000000000000000        0x0 ./main.o
 .bss           0x0000000000000000        0x0 ./main.o
 .data          0x0000000000000000        0x0 ./serial_flash.o
 .bss           0x0000000000000000        0x0 ./serial_flash.o
 .data          0x0000000000000000        0x0 ./spi.o
 .bss           0x0000000000000000        0x0 ./spi.o
 .data          0x0000000000000000        0x0 ./timerA.o
 .bss           0x0000000000000000        0x0 ./timerA.o
 .data          0x0000000000000000        0x0 /opt/ti/ccs910/ccs/tools/compiler/msp430-gcc-8.2.0.52_linux64/bin/../lib/gcc/msp430-elf/8.2.0/430/libgcc.a(epilogue.o)
 .bss           0x0000000000000000        0x0 /opt/ti/ccs910/ccs/tools/compiler/msp430-gcc-8.2.0.52_linux64/bin/../lib/gcc/msp430-elf/8.2.0/430/libgcc.a(epilogue.o)
 .text          0x0000000000000000        0x0 /opt/ti/ccs910/ccs/tools/compiler/msp430-gcc-8.2.0.52_linux64/bin/../lib/gcc/msp430-elf/8.2.0/430/libgcc.a(slli.o)
 .data          0x0000000000000000        0x0 /opt/ti/ccs910/ccs/tools/compiler/msp430-gcc-8.2.0.52_linux64/bin/../lib/gcc/msp430-elf/8.2.0/430/libgcc.a(slli.o)
 .bss           0x0000000000000000        0x0 /opt/ti/ccs910/ccs/tools/compiler/msp430-gcc-8.2.0.52_linux64/bin/../lib/gcc/msp430-elf/8.2.0/430/libgcc.a(slli.o)
 .text.__mspabi_slli_n
                0x0000000000000000       0x20 /opt/ti/ccs910/ccs/tools/compiler/msp430-gcc-8.2.0.52_linux64/bin/../lib/gcc/msp430-elf/8.2.0/430/libgcc.a(slli.o)
 .text.__mspabi_slll_n
                0x0000000000000000       0x3e /opt/ti/ccs910/ccs/tools/compiler/msp430-gcc-8.2.0.52_linux64/bin/../lib/gcc/msp430-elf/8.2.0/430/libgcc.a(slli.o)
 .text.__mspabi_slll
                0x0000000000000000        0xc /opt/ti/ccs910/ccs/tools/compiler/msp430-gcc-8.2.0.52_linux64/bin/../lib/gcc/msp430-elf/8.2.0/430/libgcc.a(slli.o)
 .text.__mspabi_sllll
                0x0000000000000000       0x1e /opt/ti/ccs910/ccs/tools/compiler/msp430-gcc-8.2.0.52_linux64/bin/../lib/gcc/msp430-elf/8.2.0/430/libgcc.a(slli.o)
 .text          0x0000000000000000        0x0 /opt/ti/ccs910/ccs/tools/compiler/msp430-gcc-8.2.0.52_linux64/bin/../lib/gcc/msp430-elf/8.2.0/430/libgcc.a(srai.o)
 .data          0x0000000000000000        0x0 /opt/ti/ccs910/ccs/tools/compiler/msp430-gcc-8.2.0.52_linux64/bin/../lib/gcc/msp430-elf/8.2.0/430/libgcc.a(srai.o)
 .bss           0x0000000000000000        0x0 /opt/ti/ccs910/ccs/tools/compiler/msp430-gcc-8.2.0.52_linux64/bin/../lib/gcc/msp430-elf/8.2.0/430/libgcc.a(srai.o)
 .text.__mspabi_sral_n
                0x0000000000000000       0x3e /opt/ti/ccs910/ccs/tools/compiler/msp430-gcc-8.2.0.52_linux64/bin/../lib/gcc/msp430-elf/8.2.0/430/libgcc.a(srai.o)
 .text.__mspabi_sral
                0x0000000000000000        0xc /opt/ti/ccs910/ccs/tools/compiler/msp430-gcc-8.2.0.52_linux64/bin/../lib/gcc/msp430-elf/8.2.0/430/libgcc.a(srai.o)
 .text.__mspabi_srall
                0x0000000000000000       0x1e /opt/ti/ccs910/ccs/tools/compiler/msp430-gcc-8.2.0.52_linux64/bin/../lib/gcc/msp430-elf/8.2.0/430/libgcc.a(srai.o)
 .text          0x0000000000000000        0x0 /opt/ti/ccs910/ccs/tools/compiler/msp430-gcc-8.2.0.52_linux64/bin/../lib/gcc/msp430-elf/8.2.0/430/libgcc.a(srli.o)
 .data          0x0000000000000000        0x0 /opt/ti/ccs910/ccs/tools/compiler/msp430-gcc-8.2.0.52_linux64/bin/../lib/gcc/msp430-elf/8.2.0/430/libgcc.a(srli.o)
 .bss           0x0000000000000000        0x0 /opt/ti/ccs910/ccs/tools/compiler/msp430-gcc-8.2.0.52_linux64/bin/../lib/gcc/msp430-elf/8.2.0/430/libgcc.a(srli.o)
 .text.__mspabi_srli
                0x0000000000000000        0xc /opt/ti/ccs910/ccs/tools/compiler/msp430-gcc-8.2.0.52_linux64/bin/../lib/gcc/msp430-elf/8.2.0/430/libgcc.a(srli.o)
 .text.__mspabi_srll_n
                0x0000000000000000       0x5c /opt/ti/ccs910/ccs/tools/compiler/msp430-gcc-8.2.0.52_linux64/bin/../lib/gcc/msp430-elf/8.2.0/430/libgcc.a(srli.o)
 .text.__mspabi_srll
                0x0000000000000000        0xe /opt/ti/ccs910/ccs/tools/compiler/msp430-gcc-8.2.0.52_linux64/bin/../lib/gcc/msp430-elf/8.2.0/430/libgcc.a(srli.o)
 .text.__mspabi_srlll
                0x0000000000000000       0x20 /opt/ti/ccs910/ccs/tools/compiler/msp430-gcc-8.2.0.52_linux64/bin/../lib/gcc/msp430-elf/8.2.0/430/libgcc.a(srli.o)
 .text          0x0000000000000000        0x0 /opt/ti/ccs910/ccs/tools/compiler/msp430-gcc-8.2.0.52_linux64/bin/../lib/gcc/msp430-elf/8.2.0/../../../../msp430-elf/lib/430/libcrt.a(crt_main.o)
 .data          0x0000000000000000        0x0 /opt/ti/ccs910/ccs/tools/compiler/msp430-gcc-8.2.0.52_linux64/bin/../lib/gcc/msp430-elf/8.2.0/../../../../msp430-elf/lib/430/libcrt.a(crt_main.o)
 .bss           0x0000000000000000        0x0 /opt/ti/ccs910/ccs/tools/compiler/msp430-gcc-8.2.0.52_linux64/bin/../lib/gcc/msp430-elf/8.2.0/../../../../msp430-elf/lib/430/libcrt.a(crt_main.o)
 .text          0x0000000000000000        0x0 /opt/ti/ccs910/ccs/tools/compiler/msp430-gcc-8.2.0.52_linux64/bin/../lib/gcc/msp430-elf/8.2.0/430/crtend_no_eh.o
 .data          0x0000000000000000        0x0 /opt/ti/ccs910/ccs/tools/compiler/msp430-gcc-8.2.0.52_linux64/bin/../lib/gcc/msp430-elf/8.2.0/430/crtend_no_eh.o
 .bss           0x0000000000000000        0x0 /opt/ti/ccs910/ccs/tools/compiler/msp430-gcc-8.2.0.52_linux64/bin/../lib/gcc/msp430-elf/8.2.0/430/crtend_no_eh.o
 .data          0x0000000000000000        0x0 /opt/ti/ccs910/ccs/tools/compiler/msp430-gcc-8.2.0.52_linux64/bin/../lib/gcc/msp430-elf/8.2.0/../../../../msp430-elf/lib/430/crtn.o
 .bss           0x0000000000000000        0x0 /opt/ti/ccs910/ccs/tools/compiler/msp430-gcc-8.2.0.52_linux64/bin/../lib/gcc/msp430-elf/8.2.0/../../../../msp430-elf/lib/430/crtn.o

Memory Configuration

Name             Origin             Length             Attributes
SFR              0x0000000000000000 0x0000000000000010
RAM              0x0000000000000200 0x0000000000000200
INFOMEM          0x0000000000001000 0x0000000000000100
INFOA            0x00000000000010c0 0x0000000000000040
INFOB            0x0000000000001080 0x0000000000000040
INFOC            0x0000000000001040 0x0000000000000040
INFOD            0x0000000000001000 0x0000000000000040
ROM              0x000000000000c000 0x0000000000003fde xr
BSLSIGNATURE     0x000000000000ffde 0x0000000000000002
VECT1            0x000000000000ffe0 0x0000000000000002
VECT2            0x000000000000ffe2 0x0000000000000002
VECT3            0x000000000000ffe4 0x0000000000000002
VECT4            0x000000000000ffe6 0x0000000000000002
VECT5            0x000000000000ffe8 0x0000000000000002
VECT6            0x000000000000ffea 0x0000000000000002
VECT7            0x000000000000ffec 0x0000000000000002
VECT8            0x000000000000ffee 0x0000000000000002
VECT9            0x000000000000fff0 0x0000000000000002
VECT10           0x000000000000fff2 0x0000000000000002
VECT11           0x000000000000fff4 0x0000000000000002
VECT12           0x000000000000fff6 0x0000000000000002
VECT13           0x000000000000fff8 0x0000000000000002
VECT14           0x000000000000fffa 0x0000000000000002
VECT15           0x000000000000fffc 0x0000000000000002
RESETVEC         0x000000000000fffe 0x0000000000000002
*default*        0x0000000000000000 0xffffffffffffffff

Linker script and memory map

LOAD /opt/ti/ccs910/ccs/tools/compiler/msp430-gcc-8.2.0.52_linux64/bin/../lib/gcc/msp430-elf/8.2.0/../../../../msp430-elf/lib/430/crt0.o
LOAD /opt/ti/ccs910/ccs/tools/compiler/msp430-gcc-8.2.0.52_linux64/bin/../lib/gcc/msp430-elf/8.2.0/430/crtbegin_no_eh.o
LOAD ./main.o
LOAD ./serial_flash.o
LOAD ./spi.o
LOAD ./timerA.o
START GROUP
LOAD /opt/ti/ccs910/ccs/tools/compiler/msp430-gcc-8.2.0.52_linux64/bin/../lib/gcc/msp430-elf/8.2.0/430/libgcc.a
LOAD /opt/ti/ccs910/ccs/tools/compiler/msp430-gcc-8.2.0.52_linux64/bin/../lib/gcc/msp430-elf/8.2.0/../../../../msp430-elf/lib/430/libc.a
END GROUP
LOAD /opt/ti/ccs910/ccs/tools/compiler/msp430-gcc-8.2.0.52_linux64/bin/../lib/gcc/msp430-elf/8.2.0/430/libgcc.a
START GROUP
LOAD /opt/ti/ccs910/ccs/tools/compiler/msp430-gcc-8.2.0.52_linux64/bin/../lib/gcc/msp430-elf/8.2.0/430/libmul_none.a
LOAD /opt/ti/ccs910/ccs/tools/compiler/msp430-gcc-8.2.0.52_linux64/bin/../lib/gcc/msp430-elf/8.2.0/../../../../msp430-elf/lib/430/libc.a
LOAD /opt/ti/ccs910/ccs/tools/compiler/msp430-gcc-8.2.0.52_linux64/bin/../lib/gcc/msp430-elf/8.2.0/430/libgcc.a
LOAD /opt/ti/ccs910/ccs/tools/compiler/msp430-gcc-8.2.0.52_linux64/bin/../lib/gcc/msp430-elf/8.2.0/../../../../msp430-elf/lib/430/libcrt.a
LOAD /opt/ti/ccs910/ccs/tools/compiler/msp430-gcc-8.2.0.52_linux64/bin/../lib/gcc/msp430-elf/8.2.0/../../../../msp430-elf/lib/430/libnosys.a
END GROUP
LOAD /opt/ti/ccs910/ccs/tools/compiler/msp430-gcc-8.2.0.52_linux64/bin/../lib/gcc/msp430-elf/8.2.0/430/libgcc.a
LOAD /opt/ti/ccs910/ccs/tools/compiler/msp430-gcc-8.2.0.52_linux64/bin/../lib/gcc/msp430-elf/8.2.0/430/crtend_no_eh.o
LOAD /opt/ti/ccs910/ccs/tools/compiler/msp430-gcc-8.2.0.52_linux64/bin/../lib/gcc/msp430-elf/8.2.0/../../../../msp430-elf/lib/430/crtn.o
LOAD /opt/ti/ccs910/ccs/tools/compiler/msp430-gcc-8.2.0.52_linux64/bin/../lib/gcc/msp430-elf/8.2.0/430/libgcc.a

.bslsignature

__interrupt_vector_1
 *(__interrupt_vector_1)
 *(__interrupt_vector_trapint)

__interrupt_vector_2
 *(__interrupt_vector_2)

__interrupt_vector_3
 *(__interrupt_vector_3)
 *(__interrupt_vector_port1)

__interrupt_vector_4
 *(__interrupt_vector_4)
 *(__interrupt_vector_port2)

__interrupt_vector_5
 *(__interrupt_vector_5)

__interrupt_vector_6
 *(__interrupt_vector_6)
 *(__interrupt_vector_adc10)

__interrupt_vector_7
 *(__interrupt_vector_7)
 *(__interrupt_vector_usciab0tx)

__interrupt_vector_8
 *(__interrupt_vector_8)
 *(__interrupt_vector_usciab0rx)

__interrupt_vector_9
 *(__interrupt_vector_9)
 *(__interrupt_vector_timer0_a1)

__interrupt_vector_10
 *(__interrupt_vector_10)
 *(__interrupt_vector_timer0_a0)

__interrupt_vector_11
 *(__interrupt_vector_11)
 *(__interrupt_vector_wdt)

__interrupt_vector_12
 *(__interrupt_vector_12)
 *(__interrupt_vector_comparatora)

__interrupt_vector_13
 *(__interrupt_vector_13)
 *(__interrupt_vector_timer1_a1)

__interrupt_vector_14
 *(__interrupt_vector_14)
 *(__interrupt_vector_timer1_a0)

__interrupt_vector_15
 *(__interrupt_vector_15)
 *(__interrupt_vector_nmi)

__reset_vector  0x000000000000fffe        0x2
 *(__interrupt_vector_16)
 *(__interrupt_vector_reset)
 *(.resetvec)
 .resetvec      0x000000000000fffe        0x2 /opt/ti/ccs910/ccs/tools/compiler/msp430-gcc-8.2.0.52_linux64/bin/../lib/gcc/msp430-elf/8.2.0/../../../../msp430-elf/lib/430/crt0.o

.rodata         0x000000000000c000        0x0
                0x000000000000c000                . = ALIGN (0x2)
 *(.plt)
 *(.rodata .rodata.* .gnu.linkonce.r.* .const .const:*)
 *(.rodata1)
 *(.gcc_except_table)
 *(.gcc_except_table.*)
                [!provide]                        PROVIDE (__preinit_array_start, .)
 *(.preinit_array)
                [!provide]                        PROVIDE (__preinit_array_end, .)
                [!provide]                        PROVIDE (__init_array_start, .)
 *(SORT(.init_array.*))
 *(.init_array)
                [!provide]                        PROVIDE (__init_array_end, .)
                [!provide]                        PROVIDE (__fini_array_start, .)
 *(.fini_array)
 *(SORT(.fini_array.*))
                [!provide]                        PROVIDE (__fini_array_end, .)

.rodata2        0x000000000000c000        0x4
                0x000000000000c000                . = ALIGN (0x2)
 *(.eh_frame_hdr)
 *(.eh_frame)
 .eh_frame      0x000000000000c000        0x4 /opt/ti/ccs910/ccs/tools/compiler/msp430-gcc-8.2.0.52_linux64/bin/../lib/gcc/msp430-elf/8.2.0/430/crtend_no_eh.o
 *crtbegin*.o(.ctors)
 *(EXCLUDE_FILE(*crtend*.o) .ctors)
 *(SORT(.ctors.*))
 *(.ctors)
 *crtbegin*.o(.dtors)
 *(EXCLUDE_FILE(*crtend*.o) .dtors)
 *(SORT(.dtors.*))
 *(.dtors)

.text           0x000000000000c004      0x4c0
                0x000000000000c004                . = ALIGN (0x2)
                0x000000000000c004                PROVIDE (_start, .)
 *(SORT(.crt_*))
 .crt_0000start
                0x000000000000c004        0x4 /opt/ti/ccs910/ccs/tools/compiler/msp430-gcc-8.2.0.52_linux64/bin/../lib/gcc/msp430-elf/8.2.0/../../../../msp430-elf/lib/430/crt0.o
                0x000000000000c004                __crt0_start
 .crt_0700call_init_then_main
                0x000000000000c008        0xa /opt/ti/ccs910/ccs/tools/compiler/msp430-gcc-8.2.0.52_linux64/bin/../lib/gcc/msp430-elf/8.2.0/../../../../msp430-elf/lib/430/libcrt.a(crt_main.o)
                0x000000000000c008                __crt0_call_init_then_main
 *(.lowtext .text .stub .text.* .gnu.linkonce.t.* .text:*)
 .text          0x000000000000c012        0x2 /opt/ti/ccs910/ccs/tools/compiler/msp430-gcc-8.2.0.52_linux64/bin/../lib/gcc/msp430-elf/8.2.0/../../../../msp430-elf/lib/430/crt0.o
                0x000000000000c012                __crt0_run_fini_array
 .text          0x000000000000c014       0xaa ./main.o
                0x000000000000c014                ConfigureClockModule
                0x000000000000c022                main
 .text          0x000000000000c0be      0x29c ./serial_flash.o
                0x000000000000c0be                InitializeSerialFlashPortPins
                0x000000000000c0e2                InitializeSerialFlashComponent
                0x000000000000c0f4                ReadFlashMemoryID
                0x000000000000c148                ReadFlashMemoryStatusRegister
                0x000000000000c17c                WriteFlashMemoryStatusRegister
                0x000000000000c1d4                ReadFlashMemory
                0x000000000000c24c                ByteProgramFlashMemory
                0x000000000000c2be                AAIProgramFlashMemory
                0x000000000000c2c0                SectorBlockEraseFlashMemory
                0x000000000000c2de                SetBlockProtection
                0x000000000000c320                FlashMemoryBusy
                0x000000000000c328                ChipEraseFlashMemory
 .text          0x000000000000c35a       0xa6 ./spi.o
                0x000000000000c35a                InitializeSPI
                0x000000000000c36e                SPISendByte
                0x000000000000c3c2                SPIReceiveByte
 .text          0x000000000000c400       0x30 ./timerA.o
                0x000000000000c400                TimeDelay
 .text          0x000000000000c430       0x10 /opt/ti/ccs910/ccs/tools/compiler/msp430-gcc-8.2.0.52_linux64/bin/../lib/gcc/msp430-elf/8.2.0/430/libgcc.a(epilogue.o)
                0x000000000000c430                __mspabi_func_epilog_7
                0x000000000000c432                __mspabi_func_epilog_6
                0x000000000000c434                __mspabi_func_epilog_5
                0x000000000000c436                __mspabi_func_epilog_4
                0x000000000000c438                __mspabi_func_epilog_3
                0x000000000000c43a                __mspabi_func_epilog_2
                0x000000000000c43c                __mspabi_func_epilog_1
 .text.__mspabi_slli
                0x000000000000c440        0xa /opt/ti/ccs910/ccs/tools/compiler/msp430-gcc-8.2.0.52_linux64/bin/../lib/gcc/msp430-elf/8.2.0/430/libgcc.a(slli.o)
                0x000000000000c444                __mspabi_slli
 .text.__mspabi_srai_n
                0x000000000000c44a       0x20 /opt/ti/ccs910/ccs/tools/compiler/msp430-gcc-8.2.0.52_linux64/bin/../lib/gcc/msp430-elf/8.2.0/430/libgcc.a(srai.o)
                0x000000000000c44a                __mspabi_srai_15
                0x000000000000c44c                __mspabi_srai_14
                0x000000000000c44e                __mspabi_srai_13
                0x000000000000c450                __mspabi_srai_12
                0x000000000000c452                __mspabi_srai_11
                0x000000000000c454                __mspabi_srai_10
                0x000000000000c456                __mspabi_srai_9
                0x000000000000c458                __mspabi_srai_8
                0x000000000000c45a                __mspabi_srai_7
                0x000000000000c45c                __mspabi_srai_6
                0x000000000000c45e                __mspabi_srai_5
                0x000000000000c460                __mspabi_srai_4
                0x000000000000c462                __mspabi_srai_3
                0x000000000000c464                __mspabi_srai_2
                0x000000000000c466                __mspabi_srai_1
 .text.__mspabi_srai
                0x000000000000c46a        0xa /opt/ti/ccs910/ccs/tools/compiler/msp430-gcc-8.2.0.52_linux64/bin/../lib/gcc/msp430-elf/8.2.0/430/libgcc.a(srai.o)
                0x000000000000c46e                __mspabi_srai
 .text.__mspabi_srli_n
                0x000000000000c474       0x3e /opt/ti/ccs910/ccs/tools/compiler/msp430-gcc-8.2.0.52_linux64/bin/../lib/gcc/msp430-elf/8.2.0/430/libgcc.a(srli.o)
                0x000000000000c474                __mspabi_srli_15
                0x000000000000c478                __mspabi_srli_14
                0x000000000000c47c                __mspabi_srli_13
                0x000000000000c480                __mspabi_srli_12
                0x000000000000c484                __mspabi_srli_11
                0x000000000000c488                __mspabi_srli_10
                0x000000000000c48c                __mspabi_srli_9
                0x000000000000c490                __mspabi_srli_8
                0x000000000000c494                __mspabi_srli_7
                0x000000000000c498                __mspabi_srli_6
                0x000000000000c49c                __mspabi_srli_5
                0x000000000000c4a0                __mspabi_srli_4
                0x000000000000c4a4                __mspabi_srli_3
                0x000000000000c4a8                __mspabi_srli_2
                0x000000000000c4ac                __mspabi_srli_1
 .text          0x000000000000c4b2        0x2 /opt/ti/ccs910/ccs/tools/compiler/msp430-gcc-8.2.0.52_linux64/bin/../lib/gcc/msp430-elf/8.2.0/../../../../msp430-elf/lib/430/crtn.o
                0x000000000000c4b2                __crt0_run_preinit_array
                0x000000000000c4b2                __crt0_run_init_array
 *(.text.*personality*)
 *(.gnu.warning)
 *(.interp .hash .dynsym .dynstr .gnu.version*)
                [!provide]                        PROVIDE (__etext, .)
                [!provide]                        PROVIDE (_etext, .)
                [!provide]                        PROVIDE (etext, .)
                0x000000000000c4b4                . = ALIGN (0x2)
 *(.init)
 .init          0x000000000000c4b4        0x0 /opt/ti/ccs910/ccs/tools/compiler/msp430-gcc-8.2.0.52_linux64/bin/../lib/gcc/msp430-elf/8.2.0/../../../../msp430-elf/lib/430/crt0.o
                0x000000000000c4b4                __msp430_init
 .init          0x000000000000c4b4        0xa /opt/ti/ccs910/ccs/tools/compiler/msp430-gcc-8.2.0.52_linux64/bin/../lib/gcc/msp430-elf/8.2.0/../../../../msp430-elf/lib/430/crtn.o
                0x000000000000c4be                __msp430_init_end
 *(.fini)
 .fini          0x000000000000c4be        0x4 /opt/ti/ccs910/ccs/tools/compiler/msp430-gcc-8.2.0.52_linux64/bin/../lib/gcc/msp430-elf/8.2.0/../../../../msp430-elf/lib/430/crt0.o
                0x000000000000c4be                __msp430_fini
 .fini          0x000000000000c4c2        0x2 /opt/ti/ccs910/ccs/tools/compiler/msp430-gcc-8.2.0.52_linux64/bin/../lib/gcc/msp430-elf/8.2.0/../../../../msp430-elf/lib/430/crtn.o
                0x000000000000c4c4                __msp430_fini_end
 *(.tm_clone_table)

.data           0x0000000000000200        0x0 load address 0x000000000000c4c4
                0x0000000000000200                . = ALIGN (0x2)
                [!provide]                        PROVIDE (__datastart, .)
 *(.jcr)
 *(.data.rel.ro.local)
 *(.data.rel.ro*)
 *(.dynamic)
 *(.data .data.* .gnu.linkonce.d.*)
 *(.gnu.linkonce.d.*personality*)
 *(.data1)
 *(.got.plt)
 *(.got)
                0x0000000000000200                . = ALIGN (0x2)
 *(.sdata .sdata.* .gnu.linkonce.s.* D_2 D_1)
                0x0000000000000200                . = ALIGN (0x2)
                0x0000000000000200                _edata = .
                [!provide]                        PROVIDE (edata, .)
                [!provide]                        PROVIDE (__dataend, .)
                [!provide]                        PROVIDE (__romdatastart, LOADADDR (.data))
                [!provide]                        PROVIDE (__romdatacopysize, SIZEOF (.data))

.bss            0x0000000000000200        0x0 load address 0x000000000000c4c4
                0x0000000000000200                . = ALIGN (0x2)
                [!provide]                        PROVIDE (__bssstart, .)
 *(.dynbss)
 *(.sbss .sbss.*)
 *(.bss .bss.* .gnu.linkonce.b.*)
                0x0000000000000200                . = ALIGN (0x2)
 *(COMMON)
                [!provide]                        PROVIDE (__bssend, .)
                [!provide]                        PROVIDE (__bsssize, SIZEOF (.bss))

.noinit         0x0000000000000200        0x0 load address 0x000000000000c4c4
                0x0000000000000200                . = ALIGN (0x2)
                [!provide]                        PROVIDE (__noinit_start, .)
 *(.noinit)
                0x0000000000000200                . = ALIGN (0x2)
                [!provide]                        PROVIDE (__noinit_end, .)
                0x0000000000000200                end = .

.heap           0x0000000000000200        0x4 load address 0x000000000000c4c4
                0x0000000000000200                . = ALIGN (0x2)
                0x0000000000000200                __heap_start__ = .
                0x0000000000000200                _end = __heap_start__
                [!provide]                        PROVIDE (end, .)
 *(.heap)
                0x0000000000000200                _end = .
                [!provide]                        PROVIDE (end, .)
                0x0000000000000200        0x4 LONG 0x0
                0x0000000000000204                __heap_end__ = .
                0x0000000000000204                __HeapLimit = __heap_end__

.stack          0x0000000000000400        0x0
                0x0000000000000400                PROVIDE (__stack, .)
 *(.stack)

.infoA

.infoB

.infoC

.infoD

.MSP430.attributes
                0x0000000000000000       0x19
 *(.MSP430.attributes)
 .MSP430.attributes
                0x0000000000000000       0x19 /opt/ti/ccs910/ccs/tools/compiler/msp430-gcc-8.2.0.52_linux64/bin/../lib/gcc/msp430-elf/8.2.0/../../../../msp430-elf/lib/430/crt0.o
 .MSP430.attributes
                0x0000000000000019       0x19 /opt/ti/ccs910/ccs/tools/compiler/msp430-gcc-8.2.0.52_linux64/bin/../lib/gcc/msp430-elf/8.2.0/430/crtbegin_no_eh.o
 .MSP430.attributes
                0x0000000000000032       0x19 ./main.o
 .MSP430.attributes
                0x000000000000004b       0x19 ./serial_flash.o
 .MSP430.attributes
                0x0000000000000064       0x19 ./spi.o
 .MSP430.attributes
                0x000000000000007d       0x19 ./timerA.o
 .MSP430.attributes
                0x0000000000000096       0x19 /opt/ti/ccs910/ccs/tools/compiler/msp430-gcc-8.2.0.52_linux64/bin/../lib/gcc/msp430-elf/8.2.0/430/libgcc.a(epilogue.o)
 .MSP430.attributes
                0x00000000000000af       0x19 /opt/ti/ccs910/ccs/tools/compiler/msp430-gcc-8.2.0.52_linux64/bin/../lib/gcc/msp430-elf/8.2.0/430/libgcc.a(slli.o)
 .MSP430.attributes
                0x00000000000000c8       0x19 /opt/ti/ccs910/ccs/tools/compiler/msp430-gcc-8.2.0.52_linux64/bin/../lib/gcc/msp430-elf/8.2.0/430/libgcc.a(srai.o)
 .MSP430.attributes
                0x00000000000000e1       0x19 /opt/ti/ccs910/ccs/tools/compiler/msp430-gcc-8.2.0.52_linux64/bin/../lib/gcc/msp430-elf/8.2.0/430/libgcc.a(srli.o)
 .MSP430.attributes
                0x00000000000000fa       0x19 /opt/ti/ccs910/ccs/tools/compiler/msp430-gcc-8.2.0.52_linux64/bin/../lib/gcc/msp430-elf/8.2.0/../../../../msp430-elf/lib/430/libcrt.a(crt_main.o)
 .MSP430.attributes
                0x0000000000000113       0x19 /opt/ti/ccs910/ccs/tools/compiler/msp430-gcc-8.2.0.52_linux64/bin/../lib/gcc/msp430-elf/8.2.0/430/crtend_no_eh.o
 .MSP430.attributes
                0x000000000000012c       0x19 /opt/ti/ccs910/ccs/tools/compiler/msp430-gcc-8.2.0.52_linux64/bin/../lib/gcc/msp430-elf/8.2.0/../../../../msp430-elf/lib/430/crtn.o
 *(.gnu.attributes)
 *(__TI_build_attributes)

.stab
 *(.stab)

.stabstr
 *(.stabstr)

.stab.excl
 *(.stab.excl)

.stab.exclstr
 *(.stab.exclstr)

.stab.index
 *(.stab.index)

.stab.indexstr
 *(.stab.indexstr)

.comment        0x0000000000000000       0x39
 *(.comment)
 .comment       0x0000000000000000       0x39 /opt/ti/ccs910/ccs/tools/compiler/msp430-gcc-8.2.0.52_linux64/bin/../lib/gcc/msp430-elf/8.2.0/430/crtbegin_no_eh.o
                                         0x3a (size before relaxing)
 .comment       0x0000000000000039       0x3a ./main.o
 .comment       0x0000000000000039       0x3a ./serial_flash.o
 .comment       0x0000000000000039       0x3a ./spi.o
 .comment       0x0000000000000039       0x3a ./timerA.o
 .comment       0x0000000000000039       0x3a /opt/ti/ccs910/ccs/tools/compiler/msp430-gcc-8.2.0.52_linux64/bin/../lib/gcc/msp430-elf/8.2.0/430/crtend_no_eh.o

.debug
 *(.debug)

.line
 *(.line)

.debug_srcinfo
 *(.debug_srcinfo)

.debug_sfnames
 *(.debug_sfnames)

.debug_aranges  0x0000000000000000       0x80
 *(.debug_aranges)
 .debug_aranges
                0x0000000000000000       0x20 ./main.o
 .debug_aranges
                0x0000000000000020       0x20 ./serial_flash.o
 .debug_aranges
                0x0000000000000040       0x20 ./spi.o
 .debug_aranges
                0x0000000000000060       0x20 ./timerA.o

.debug_pubnames
 *(.debug_pubnames)

.debug_info     0x0000000000000000     0x2658
 *(.debug_info .gnu.linkonce.wi.*)
 .debug_info    0x0000000000000000      0xf97 ./main.o
 .debug_info    0x0000000000000f97      0x9e6 ./serial_flash.o
 .debug_info    0x000000000000197d      0x6a9 ./spi.o
 .debug_info    0x0000000000002026      0x632 ./timerA.o

.debug_abbrev   0x0000000000000000      0x4f2
 *(.debug_abbrev)
 .debug_abbrev  0x0000000000000000      0x1c5 ./main.o
 .debug_abbrev  0x00000000000001c5      0x17f ./serial_flash.o
 .debug_abbrev  0x0000000000000344      0x105 ./spi.o
 .debug_abbrev  0x0000000000000449       0xa9 ./timerA.o

.debug_line     0x0000000000000000      0x9ab
 *(.debug_line .debug_line.* .debug_line_end)
 .debug_line    0x0000000000000000      0x23b ./main.o
 .debug_line    0x000000000000023b      0x463 ./serial_flash.o
 .debug_line    0x000000000000069e      0x1ee ./spi.o
 .debug_line    0x000000000000088c      0x11f ./timerA.o

.debug_frame    0x0000000000000000      0x290
 *(.debug_frame)
 .debug_frame   0x0000000000000000       0x58 ./main.o
 .debug_frame   0x0000000000000058      0x1a8 ./serial_flash.o
 .debug_frame   0x0000000000000200       0x6c ./spi.o
 .debug_frame   0x000000000000026c       0x24 ./timerA.o

.debug_str      0x0000000000000000      0xb19
 *(.debug_str)
 .debug_str     0x0000000000000000      0x8cb ./main.o
                                        0x934 (size before relaxing)
 .debug_str     0x00000000000008cb      0x1d1 ./serial_flash.o
                                        0x659 (size before relaxing)
 .debug_str     0x0000000000000a9c       0x56 ./spi.o
                                        0x481 (size before relaxing)
 .debug_str     0x0000000000000af2       0x27 ./timerA.o
                                        0x452 (size before relaxing)

.debug_loc      0x0000000000000000      0x31a
 *(.debug_loc)
 .debug_loc     0x0000000000000000      0x269 ./serial_flash.o
 .debug_loc     0x0000000000000269       0x8b ./spi.o
 .debug_loc     0x00000000000002f4       0x26 ./timerA.o

.debug_macinfo
 *(.debug_macinfo)

.debug_weaknames
 *(.debug_weaknames)

.debug_funcnames
 *(.debug_funcnames)

.debug_typenames
 *(.debug_typenames)

.debug_varnames
 *(.debug_varnames)

/DISCARD/
 *(.note.GNU-stack)
                [!provide]                        PROVIDE (IE1, 0x0)
                [!provide]                        PROVIDE (IFG1, 0x2)
                [!provide]                        PROVIDE (IE2, 0x1)
                [!provide]                        PROVIDE (IFG2, 0x3)
                [!provide]                        PROVIDE (ADC10DTC0, 0x48)
                [!provide]                        PROVIDE (ADC10DTC1, 0x49)
                [!provide]                        PROVIDE (ADC10AE0, 0x4a)
                [!provide]                        PROVIDE (ADC10CTL0, 0x1b0)
                [!provide]                        PROVIDE (ADC10CTL1, 0x1b2)
                [!provide]                        PROVIDE (ADC10MEM, 0x1b4)
                [!provide]                        PROVIDE (ADC10SA, 0x1bc)
                0x0000000000000056                PROVIDE (DCOCTL, 0x56)
                0x0000000000000057                PROVIDE (BCSCTL1, 0x57)
                [!provide]                        PROVIDE (BCSCTL2, 0x58)
                [!provide]                        PROVIDE (BCSCTL3, 0x53)
                [!provide]                        PROVIDE (CACTL1, 0x59)
                [!provide]                        PROVIDE (CACTL2, 0x5a)
                [!provide]                        PROVIDE (CAPD, 0x5b)
                [!provide]                        PROVIDE (FCTL1, 0x128)
                [!provide]                        PROVIDE (FCTL2, 0x12a)
                [!provide]                        PROVIDE (FCTL3, 0x12c)
                0x0000000000000020                PROVIDE (P1IN, 0x20)
                0x0000000000000021                PROVIDE (P1OUT, 0x21)
                0x0000000000000022                PROVIDE (P1DIR, 0x22)
                [!provide]                        PROVIDE (P1IFG, 0x23)
                [!provide]                        PROVIDE (P1IES, 0x24)
                [!provide]                        PROVIDE (P1IE, 0x25)
                [!provide]                        PROVIDE (P1SEL, 0x26)
                [!provide]                        PROVIDE (P1SEL2, 0x41)
                [!provide]                        PROVIDE (P1REN, 0x27)
                [!provide]                        PROVIDE (P2IN, 0x28)
                0x0000000000000029                PROVIDE (P2OUT, 0x29)
                0x000000000000002a                PROVIDE (P2DIR, 0x2a)
                [!provide]                        PROVIDE (P2IFG, 0x2b)
                [!provide]                        PROVIDE (P2IES, 0x2c)
                [!provide]                        PROVIDE (P2IE, 0x2d)
                [!provide]                        PROVIDE (P2SEL, 0x2e)
                [!provide]                        PROVIDE (P2SEL2, 0x42)
                [!provide]                        PROVIDE (P2REN, 0x2f)
                [!provide]                        PROVIDE (P3IN, 0x18)
                [!provide]                        PROVIDE (P3OUT, 0x19)
                [!provide]                        PROVIDE (P3DIR, 0x1a)
                [!provide]                        PROVIDE (P3SEL, 0x1b)
                [!provide]                        PROVIDE (P3SEL2, 0x43)
                [!provide]                        PROVIDE (P3REN, 0x10)
                [!provide]                        PROVIDE (TA0IV, 0x12e)
                [!provide]                        PROVIDE (TA0CTL, 0x160)
                [!provide]                        PROVIDE (TA0CCTL0, 0x162)
                [!provide]                        PROVIDE (TA0CCTL1, 0x164)
                [!provide]                        PROVIDE (TA0CCTL2, 0x166)
                [!provide]                        PROVIDE (TA0R, 0x170)
                [!provide]                        PROVIDE (TA0CCR0, 0x172)
                [!provide]                        PROVIDE (TA0CCR1, 0x174)
                [!provide]                        PROVIDE (TA0CCR2, 0x176)
                [!provide]                        PROVIDE (TA1IV, 0x11e)
                0x0000000000000180                PROVIDE (TA1CTL, 0x180)
                [!provide]                        PROVIDE (TA1CCTL0, 0x182)
                [!provide]                        PROVIDE (TA1CCTL1, 0x184)
                [!provide]                        PROVIDE (TA1CCTL2, 0x186)
                [!provide]                        PROVIDE (TA1R, 0x190)
                0x0000000000000192                PROVIDE (TA1CCR0, 0x192)
                [!provide]                        PROVIDE (TA1CCR1, 0x194)
                [!provide]                        PROVIDE (TA1CCR2, 0x196)
                [!provide]                        PROVIDE (UCA0CTL0, 0x60)
                [!provide]                        PROVIDE (UCA0CTL1, 0x61)
                [!provide]                        PROVIDE (UCA0BR0, 0x62)
                [!provide]                        PROVIDE (UCA0BR1, 0x63)
                [!provide]                        PROVIDE (UCA0MCTL, 0x64)
                [!provide]                        PROVIDE (UCA0STAT, 0x65)
                [!provide]                        PROVIDE (UCA0RXBUF, 0x66)
                [!provide]                        PROVIDE (UCA0TXBUF, 0x67)
                [!provide]                        PROVIDE (UCA0ABCTL, 0x5d)
                [!provide]                        PROVIDE (UCA0IRTCTL, 0x5e)
                [!provide]                        PROVIDE (UCA0IRRCTL, 0x5f)
                [!provide]                        PROVIDE (UCB0CTL0, 0x68)
                [!provide]                        PROVIDE (UCB0CTL1, 0x69)
                [!provide]                        PROVIDE (UCB0BR0, 0x6a)
                [!provide]                        PROVIDE (UCB0BR1, 0x6b)
                [!provide]                        PROVIDE (UCB0I2CIE, 0x6c)
                [!provide]                        PROVIDE (UCB0STAT, 0x6d)
                [!provide]                        PROVIDE (UCB0RXBUF, 0x6e)
                [!provide]                        PROVIDE (UCB0TXBUF, 0x6f)
                [!provide]                        PROVIDE (UCB0I2COA, 0x118)
                [!provide]                        PROVIDE (UCB0I2CSA, 0x11a)
                0x0000000000000120                PROVIDE (WDTCTL, 0x120)
                0x00000000000010f8                PROVIDE (CALDCO_16MHZ, 0x10f8)
                0x00000000000010f9                PROVIDE (CALBC1_16MHZ, 0x10f9)
                [!provide]                        PROVIDE (CALDCO_12MHZ, 0x10fa)
                [!provide]                        PROVIDE (CALBC1_12MHZ, 0x10fb)
                [!provide]                        PROVIDE (CALDCO_8MHZ, 0x10fc)
                [!provide]                        PROVIDE (CALBC1_8MHZ, 0x10fd)
                [!provide]                        PROVIDE (CALDCO_1MHZ, 0x10fe)
                [!provide]                        PROVIDE (CALBC1_1MHZ, 0x10ff)
                [!provide]                        PROVIDE (TLV_CHECKSUM, 0x10c0)
                [!provide]                        PROVIDE (TLV_DCO_30_TAG, 0x10f6)
                [!provide]                        PROVIDE (TLV_DCO_30_LEN, 0x10f7)
                [!provide]                        PROVIDE (TLV_ADC10_1_TAG, 0x10da)
                [!provide]                        PROVIDE (TLV_ADC10_1_LEN, 0x10db)
OUTPUT(Project6.out elf32-msp430)

.debug_ranges   0x0000000000000000       0x18
 .debug_ranges  0x0000000000000000       0x18 ./spi.o
